// Jest Snapshot v1, https://goo.gl/fbAQLP

exports[`<Button /> should render the medium size button by default 1`] = `
<button
  class="flex items-center justify-center rounded-sm border-none bg-[linear-gradient(180deg,#FF5F5F_0%,#F062C0_100%)] cursor-pointer p-2 font-semibold text-white hover:bg-[linear-gradient(180deg,#E35565_0%,#D958A6_100%)] h-10 px-4 text-sm"
>
  <span>
    Buy Now
  </span>
</button>
`;
